 
****************************************
Report : area
Design : qspi_Controller
Version: S-2021.06-SP4
Date   : Wed Sep 16 00:09:12 2026
****************************************

Library(s) Used:

    saed32lvt_ss0p75v25c (File: /fetools/work_area/frontend/SAED32_EDK/lib/stdcell_lvt/db_nldm/saed32lvt_ss0p75v25c.db)

Number of ports:                          445
Number of nets:                         18095
Number of cells:                        17603
Number of combinational cells:          11803
Number of sequential cells:              5794
Number of macros/black boxes:               0
Number of buf/inv:                       1088
Number of references:                      48

Combinational area:              28391.188716
Buf/Inv area:                     1769.604677
Noncombinational area:           41215.549772
Macro/Black Box area:                0.000000
Net Interconnect area:           36488.363809

Total cell area:                 69606.738488
Total area:                     106095.102298
1
