 
****************************************
Report : area
Design : qspi_Controller
Version: S-2021.06-SP4
Date   : Tue Sep 15 23:50:03 2026
****************************************

Library(s) Used:

    saed32hvt_ss0p75v25c (File: /fetools/work_area/frontend/SAED32_EDK/lib/stdcell_hvt/db_nldm/saed32hvt_ss0p75v25c.db)

Number of ports:                          445
Number of nets:                         18340
Number of cells:                        17842
Number of combinational cells:          12042
Number of sequential cells:              5794
Number of macros/black boxes:               0
Number of buf/inv:                       1327
Number of references:                      50

Combinational area:              28605.432129
Buf/Inv area:                     2000.621589
Noncombinational area:           41215.803916
Macro/Black Box area:                0.000000
Net Interconnect area:           33721.400264

Total cell area:                 69821.236045
Total area:                     103542.636309
1
